UTC_mode|0
cycle_point_tz|+0130
cylc_version|<SOME-VERSION>
run_mode|live
